src/app/(admin)/dashboard/page.tsx(4,27): error TS2307: Cannot find module '@/components/layout/TopHeader' or its corresponding type declarations.
src/app/(admin)/dashboard/page.tsx(5,24): error TS2307: Cannot find module '@/components/layout/Drawer' or its corresponding type declarations.
src/app/(admin)/dashboard/page.tsx(7,22): error TS2307: Cannot find module '@/components/ui/Card' or its corresponding type declarations.
src/app/(auth)/admin-login/page.tsx(8,24): error TS2307: Cannot find module '@/components/ui/Button' or its corresponding type declarations.
src/app/(auth)/admin-login/page.tsx(9,23): error TS2307: Cannot find module '@/components/ui/Input' or its corresponding type declarations.
src/app/(auth)/admin-login/page.tsx(10,27): error TS2307: Cannot find module '@/components/layout/TopHeader' or its corresponding type declarations.
src/app/(auth)/login/page.tsx(8,24): error TS2307: Cannot find module '@/components/ui/Button' or its corresponding type declarations.
src/app/(auth)/login/page.tsx(9,23): error TS2307: Cannot find module '@/components/ui/Input' or its corresponding type declarations.
src/app/(auth)/login/page.tsx(10,34): error TS2307: Cannot find module '@/components/ui/Toast' or its corresponding type declarations.
src/app/(auth)/signup/page.tsx(8,24): error TS2307: Cannot find module '@/components/ui/Button' or its corresponding type declarations.
src/app/(auth)/signup/page.tsx(9,23): error TS2307: Cannot find module '@/components/ui/Input' or its corresponding type declarations.
src/app/(auth)/signup/page.tsx(10,27): error TS2307: Cannot find module '@/components/layout/TopHeader' or its corresponding type declarations.
src/app/(auth)/technician-signup/page.tsx(8,24): error TS2307: Cannot find module '@/components/ui/Button' or its corresponding type declarations.
src/app/(auth)/technician-signup/page.tsx(9,23): error TS2307: Cannot find module '@/components/ui/Input' or its corresponding type declarations.
src/app/(auth)/technician-signup/page.tsx(10,27): error TS2307: Cannot find module '@/components/layout/TopHeader' or its corresponding type declarations.
src/app/(customer)/home/page.tsx(4,27): error TS2307: Cannot find module '@/components/layout/TopHeader' or its corresponding type declarations.
src/app/(customer)/home/page.tsx(5,22): error TS2307: Cannot find module '@/components/ui/Card' or its corresponding type declarations.
src/app/(customer)/layout.tsx(4,27): error TS2307: Cannot find module '@/components/layout/BottomNav' or its corresponding type declarations.
src/app/(customer)/layout.tsx(5,26): error TS2307: Cannot find module '@/components/layout/SafeArea' or its corresponding type declarations.
src/app/(technician)/jobs/page.tsx(4,27): error TS2307: Cannot find module '@/components/layout/TopHeader' or its corresponding type declarations.
src/app/(technician)/jobs/page.tsx(5,28): error TS2307: Cannot find module '@/components/ui/EmptyState' or its corresponding type declarations.
src/app/api/stripe/confirm-booking/route.ts(5,61): error TS2322: Type '"2024-04-10"' is not assignable to type '"2026-02-25.clover"'.
src/app/api/stripe/create-intent/route.ts(4,61): error TS2322: Type '"2024-04-10"' is not assignable to type '"2026-02-25.clover"'.
src/lib/stripe/server.ts(4,3): error TS2322: Type '"2024-04-10"' is not assignable to type '"2026-02-25.clover"'.
